---
source: src/engine/markdown_partitioner.rs
expression: format_chunks(&chunks)
---
=== CHUNK 1 ===
Breadcrumb: monodex:API.md:sample-documentation
Type: markdown-section
Lines: 1-4
Size: 90 chars
Preview:
# Sample Documentation

This document demonstrates various markdown features for testing.

=== CHUNK 2 ===
Breadcrumb: monodex:API.md:installation
Type: markdown-section
Lines: 5-14
Size: 155 chars
Preview:
## Installation

To install the tool, run the following command:

```bash
cargo install example-tool

=== CHUNK 3 ===
Breadcrumb: monodex:API.md:configuration
Type: markdown-section
Lines: 15-29
Size: 206 chars
Preview:
## Configuration

Create a configuration file at `~/.config/example/config.json`:

```json
{

=== CHUNK 4 ===
Breadcrumb: monodex:API.md:usage
Type: markdown-section
Lines: 30-31
Size: 9 chars
Preview:
## Usage

=== CHUNK 5 ===
Breadcrumb: monodex:API.md:basic-commands
Type: markdown-section
Lines: 32-45
Size: 188 chars
Preview:
### Basic Commands

To run the tool:

```bash
example-tool init

=== CHUNK 6 ===
Breadcrumb: monodex:API.md:advanced-options
Type: markdown-section
Lines: 46-53
Size: 85 chars
Preview:
### Advanced Options

To customize behavior:

```bash
example-tool run --verbose

=== CHUNK 7 ===
Breadcrumb: monodex:API.md:troubleshooting
Type: markdown-section
Lines: 54-62
Size: 222 chars
Preview:
## Troubleshooting

**Q: I get "No config found" error**

A: Make sure you have created the config file at `~/.config/example/config.json`.
